#-----------------------------------------------------------
# Vivado v2016.2 (64-bit)
# SW Build 1577090 on Thu Jun  2 16:32:40 MDT 2016
# IP Build 1577682 on Fri Jun  3 12:00:54 MDT 2016
# Start of session at: Wed Nov 01 17:57:06 2017
# Process ID: 20404
# Current directory: D:/Siddharth/NUS/Modules/Y2S1/EE2020/EE2020 Project_Main/audio_effects
# Command line: vivado.exe -gui_launcher_event rodinguilauncherevent3148 D:\Siddharth\NUS\Modules\Y2S1\EE2020\EE2020 Project_Main\audio_effects\audio_effects.xpr
# Log file: D:/Siddharth/NUS/Modules/Y2S1/EE2020/EE2020 Project_Main/audio_effects/vivado.log
# Journal file: D:/Siddharth/NUS/Modules/Y2S1/EE2020/EE2020 Project_Main/audio_effects\vivado.jou
#-----------------------------------------------------------
start_gui
open_project {D:/Siddharth/NUS/Modules/Y2S1/EE2020/EE2020 Project_Main/audio_effects/audio_effects.xpr}
update_compile_order -fileset sources_1
open_hw
connect_hw_server
open_hw_target
set_property PROGRAM.FILE {D:/Siddharth/NUS/Modules/Y2S1/EE2020/EE2020 Project_Main/audio_effects/audio_effects.runs/impl_1/AUDIO_FX_TOP.bit} [lindex [get_hw_devices] 0]
current_hw_device [lindex [get_hw_devices] 0]
refresh_hw_device -update_hw_probes false [lindex [get_hw_devices] 0]
set_property PROBES.FILE {} [lindex [get_hw_devices] 0]
set_property PROGRAM.FILE {D:/Siddharth/NUS/Modules/Y2S1/EE2020/EE2020 Project_Main/audio_effects/audio_effects.runs/impl_1/AUDIO_FX_TOP.bit} [lindex [get_hw_devices] 0]
program_hw_devices [lindex [get_hw_devices] 0]
refresh_hw_device [lindex [get_hw_devices] 0]
reset_run impl_1 -prev_step 
launch_runs impl_1 -to_step write_bitstream -jobs 2
wait_on_run impl_1
reset_run impl_1 -prev_step 
reset_run synth_1
launch_runs impl_1 -to_step write_bitstream -jobs 2
wait_on_run impl_1
set_property PROBES.FILE {} [lindex [get_hw_devices] 0]
set_property PROGRAM.FILE {D:/Siddharth/NUS/Modules/Y2S1/EE2020/EE2020 Project_Main/audio_effects/audio_effects.runs/impl_1/AUDIO_FX_TOP.bit} [lindex [get_hw_devices] 0]
program_hw_devices [lindex [get_hw_devices] 0]
refresh_hw_device [lindex [get_hw_devices] 0]
reset_run synth_1
launch_runs impl_1 -to_step write_bitstream -jobs 2
wait_on_run impl_1
reset_run synth_1
launch_runs synth_1 -jobs 2
wait_on_run synth_1
launch_runs impl_1 -to_step write_bitstream -jobs 2
wait_on_run impl_1
set_property PROBES.FILE {} [lindex [get_hw_devices] 0]
set_property PROGRAM.FILE {D:/Siddharth/NUS/Modules/Y2S1/EE2020/EE2020 Project_Main/audio_effects/audio_effects.runs/impl_1/AUDIO_FX_TOP.bit} [lindex [get_hw_devices] 0]
program_hw_devices [lindex [get_hw_devices] 0]
refresh_hw_device [lindex [get_hw_devices] 0]
set_property PROBES.FILE {} [lindex [get_hw_devices] 0]
set_property PROGRAM.FILE {D:/Siddharth/NUS/Modules/Y2S1/EE2020/EE2020 Project_Main/audio_effects/audio_effects.runs/impl_1/AUDIO_FX_TOP.bit} [lindex [get_hw_devices] 0]
program_hw_devices [lindex [get_hw_devices] 0]
refresh_hw_device [lindex [get_hw_devices] 0]
