#-----------------------------------------------------------
# Vivado v2016.2 (64-bit)
# SW Build 1577090 on Thu Jun  2 16:32:40 MDT 2016
# IP Build 1577682 on Fri Jun  3 12:00:54 MDT 2016
# Start of session at: Fri Nov 03 10:44:14 2017
# Process ID: 1304
# Current directory: D:/Siddharth/NUS/Modules/Y2S1/EE2020/EE2020 Project_Main/audio_effects
# Command line: vivado.exe -gui_launcher_event rodinguilauncherevent16852 D:\Siddharth\NUS\Modules\Y2S1\EE2020\EE2020 Project_Main\audio_effects\audio_effects.xpr
# Log file: D:/Siddharth/NUS/Modules/Y2S1/EE2020/EE2020 Project_Main/audio_effects/vivado.log
# Journal file: D:/Siddharth/NUS/Modules/Y2S1/EE2020/EE2020 Project_Main/audio_effects\vivado.jou
#-----------------------------------------------------------
start_gui
open_project {D:/Siddharth/NUS/Modules/Y2S1/EE2020/EE2020 Project_Main/audio_effects/audio_effects.xpr}uupdate_compile_order -fileset sources_1
launch_runs synth_1 -jobs 2
wait_on_run synth_1
reset_run synth_1
launch_runs impl_1 -to_step write_bitstream -jobs 2
wait_on_run impl_1
reset_run synth_1 -noclean_dir 
launch_runs synth_1 -jobs 2
wait_on_run synth_1
reset_run synth_1
update_compile_order -fileset sources_1
launch_runs synth_1 -jobs 2
wait_on_run synth_1
reset_run synth_1
